sensor_1: WARNING: requested duration 10800s exceeds the recording (5693s); drift outside the recording window is not modelled. Cycles past the recording come from the whole pool with pose-continuous splices.
sensor_2: WARNING: requested duration 10800s exceeds the recording (5693s); drift outside the recording window is not modelled. Cycles past the recording come from the whole pool with pose-continuous splices.
sensor_3: WARNING: requested duration 10800s exceeds the recording (5693s); drift outside the recording window is not modelled. Cycles past the recording come from the whole pool with pose-continuous splices.

schedule: {'n_cycles': 293, 'n_pool_cycles': 139, 'n_pose_fallback': 0, 'splice_tilt_max_deg': 1.177705634871434, 'splice_full_max_deg': 2.96982662391819, 'beyond_recording': True}
  splices into 'local' cycles: n=153  tilt max 1.18° p95 0.15°  full-pose max 2.45° p95 1.66°
  splices into 'pool' cycles: n=139  tilt max 0.19° p95 0.13°  full-pose max 2.97° p95 2.84°
  distinct templates used after the recording: 25 of 120

=== hour 1 (0-60 min; recording ends at 94.9 min) ===
[PASS] sensor_1  validity   value=     0.000  required = 0 % of s > 1+0.001   (max s 1.00013)
[PASS] sensor_1  gravity    value=     1.254  required < 2.0°
[PASS] sensor_1  omega_p99  value=    46.186  required in [43.29, 46.56] °/s (real 44.93 ±3.6%, data-derived)
[PASS] sensor_1  jumps      value=     0.000  required = 0 non-flip quaternion jumps (one-sample steps)   (0 transition(s) across timestamp gaps checked by angular speed)
[PASS] sensor_1  gap_jumps  value=     0.000  required = 0 gap transitions faster than real p99 +25% (56.2°/s)
[PASS] sensor_1  copy       value=     0.000  required <= 5.0 % windows corr>0.99
[FAIL] sensor_1  c2st       value=     0.670  required <= 0.621 (real-vs-real 0.444 + margin 0.177)   (real span 0-60 min)
[PASS] sensor_2  validity   value=     0.000  required = 0 % of s > 1+0.001   (max s 0.48265)
[PASS] sensor_2  gravity    value=     0.331  required < 2.0°
[PASS] sensor_2  omega_p99  value=    16.455  required in [16.17, 16.62] °/s (real 16.40 ±1.4%, data-derived)
[PASS] sensor_2  jumps      value=     0.000  required = 0 non-flip quaternion jumps (one-sample steps)   (0 transition(s) across timestamp gaps checked by angular speed)
[PASS] sensor_2  gap_jumps  value=     0.000  required = 0 gap transitions faster than real p99 +25% (20.5°/s)
[PASS] sensor_2  copy       value=     0.000  required <= 5.0 % windows corr>0.99
[FAIL] sensor_2  c2st       value=     0.666  required <= 0.577 (real-vs-real 0.419 + margin 0.157)   (real span 0-60 min)
[PASS] sensor_3  validity   value=     0.000  required = 0 % of s > 1+0.001   (max s 0.60131)
[PASS] sensor_3  gravity    value=     0.342  required < 2.0°
[PASS] sensor_3  omega_p99  value=    43.014  required in [42.67, 43.44] °/s (real 43.06 ±0.9%, data-derived)
[PASS] sensor_3  jumps      value=     0.000  required = 0 non-flip quaternion jumps (one-sample steps)   (0 transition(s) across timestamp gaps checked by angular speed)
[PASS] sensor_3  gap_jumps  value=     0.000  required = 0 gap transitions faster than real p99 +25% (53.8°/s)
[PASS] sensor_3  copy       value=       n/a  required excluded   (real sensor_3 cycles are near-identical to each other (held-out real vs training real max-corr 0.997), so similarity to the recording cannot separate replay from genuine data; the check is uninformative there.)
[FAIL] sensor_3  c2st       value=     0.713  required <= 0.523 (real-vs-real 0.397 + margin 0.126)   (real span 0-60 min)
[PASS] all       check7b    value=    92.281  required >= 85.0 %
[PASS] all       check7c    value=     0.000  required lag = 0 ms for every pair   (s1-s2 +0ms, s1-s3 +0ms, s2-s3 +0ms)
PHYSICS GATE: FAILED (3 check(s): sensor_1/c2st, sensor_2/c2st, sensor_3/c2st)

=== hour 2 (60-120 min; recording ends at 94.9 min) ===
[PASS] sensor_1  validity   value=     0.000  required = 0 % of s > 1+0.001   (max s 1.00011)
[PASS] sensor_1  gravity    value=     1.278  required < 2.0°
[PASS] sensor_1  omega_p99  value=    46.271  required in [43.29, 46.56] °/s (real 44.93 ±3.6%, data-derived)
[PASS] sensor_1  jumps      value=     0.000  required = 0 non-flip quaternion jumps (one-sample steps)   (0 transition(s) across timestamp gaps checked by angular speed)
[PASS] sensor_1  gap_jumps  value=     0.000  required = 0 gap transitions faster than real p99 +25% (56.2°/s)
[PASS] sensor_1  copy       value=     0.000  required <= 5.0 % windows corr>0.99
[FAIL] sensor_1  c2st       value=     0.632  required <= 0.621 (real-vs-real 0.444 + margin 0.177)   (real span 35-95 min)
[PASS] sensor_2  validity   value=     0.000  required = 0 % of s > 1+0.001   (max s 0.48361)
[PASS] sensor_2  gravity    value=     0.332  required < 2.0°
[PASS] sensor_2  omega_p99  value=    16.566  required in [16.17, 16.62] °/s (real 16.40 ±1.4%, data-derived)
[PASS] sensor_2  jumps      value=     0.000  required = 0 non-flip quaternion jumps (one-sample steps)   (0 transition(s) across timestamp gaps checked by angular speed)
[PASS] sensor_2  gap_jumps  value=     0.000  required = 0 gap transitions faster than real p99 +25% (20.5°/s)
[PASS] sensor_2  copy       value=     0.000  required <= 5.0 % windows corr>0.99
[FAIL] sensor_2  c2st       value=     0.712  required <= 0.577 (real-vs-real 0.419 + margin 0.157)   (real span 35-95 min)
[PASS] sensor_3  validity   value=     0.000  required = 0 % of s > 1+0.001   (max s 0.62279)
[PASS] sensor_3  gravity    value=     0.332  required < 2.0°
[PASS] sensor_3  omega_p99  value=    43.412  required in [42.67, 43.44] °/s (real 43.06 ±0.9%, data-derived)
[PASS] sensor_3  jumps      value=     0.000  required = 0 non-flip quaternion jumps (one-sample steps)   (0 transition(s) across timestamp gaps checked by angular speed)
[PASS] sensor_3  gap_jumps  value=     0.000  required = 0 gap transitions faster than real p99 +25% (53.8°/s)
[PASS] sensor_3  copy       value=       n/a  required excluded   (real sensor_3 cycles are near-identical to each other (held-out real vs training real max-corr 0.997), so similarity to the recording cannot separate replay from genuine data; the check is uninformative there.)
[FAIL] sensor_3  c2st       value=     0.586  required <= 0.523 (real-vs-real 0.397 + margin 0.126)   (real span 35-95 min)
[PASS] all       check7b    value=    91.822  required >= 85.0 %
[PASS] all       check7c    value=     0.000  required lag = 0 ms for every pair   (s1-s2 +0ms, s1-s3 +0ms, s2-s3 +0ms)
PHYSICS GATE: FAILED (3 check(s): sensor_1/c2st, sensor_2/c2st, sensor_3/c2st)

=== hour 3 (120-180 min; recording ends at 94.9 min) ===
[PASS] sensor_1  validity   value=     0.000  required = 0 % of s > 1+0.001   (max s 1.00011)
[PASS] sensor_1  gravity    value=     1.288  required < 2.0°
[PASS] sensor_1  omega_p99  value=    45.259  required in [43.29, 46.56] °/s (real 44.93 ±3.6%, data-derived)
[PASS] sensor_1  jumps      value=     0.000  required = 0 non-flip quaternion jumps (one-sample steps)   (0 transition(s) across timestamp gaps checked by angular speed)
[PASS] sensor_1  gap_jumps  value=     0.000  required = 0 gap transitions faster than real p99 +25% (56.2°/s)
[PASS] sensor_1  copy       value=     0.000  required <= 5.0 % windows corr>0.99
[FAIL] sensor_1  c2st       value=     0.828  required <= 0.621 (real-vs-real 0.444 + margin 0.177)   (real span 35-95 min)
[PASS] sensor_2  validity   value=     0.000  required = 0 % of s > 1+0.001   (max s 0.48361)
[PASS] sensor_2  gravity    value=     0.330  required < 2.0°
[PASS] sensor_2  omega_p99  value=    16.436  required in [16.17, 16.62] °/s (real 16.40 ±1.4%, data-derived)
[PASS] sensor_2  jumps      value=     0.000  required = 0 non-flip quaternion jumps (one-sample steps)   (0 transition(s) across timestamp gaps checked by angular speed)
[PASS] sensor_2  gap_jumps  value=     0.000  required = 0 gap transitions faster than real p99 +25% (20.5°/s)
[PASS] sensor_2  copy       value=     0.000  required <= 5.0 % windows corr>0.99
[FAIL] sensor_2  c2st       value=     0.841  required <= 0.577 (real-vs-real 0.419 + margin 0.157)   (real span 35-95 min)
[PASS] sensor_3  validity   value=     0.000  required = 0 % of s > 1+0.001   (max s 0.62279)
[PASS] sensor_3  gravity    value=     0.329  required < 2.0°
[PASS] sensor_3  omega_p99  value=    43.003  required in [42.67, 43.44] °/s (real 43.06 ±0.9%, data-derived)
[PASS] sensor_3  jumps      value=     0.000  required = 0 non-flip quaternion jumps (one-sample steps)   (0 transition(s) across timestamp gaps checked by angular speed)
[PASS] sensor_3  gap_jumps  value=     0.000  required = 0 gap transitions faster than real p99 +25% (53.8°/s)
[PASS] sensor_3  copy       value=       n/a  required excluded   (real sensor_3 cycles are near-identical to each other (held-out real vs training real max-corr 0.997), so similarity to the recording cannot separate replay from genuine data; the check is uninformative there.)
[FAIL] sensor_3  c2st       value=     0.832  required <= 0.523 (real-vs-real 0.397 + margin 0.126)   (real span 35-95 min)
[PASS] all       check7b    value=    92.075  required >= 85.0 %
[PASS] all       check7c    value=     0.000  required lag = 0 ms for every pair   (s1-s2 +0ms, s1-s3 +0ms, s2-s3 +0ms)
PHYSICS GATE: FAILED (3 check(s): sensor_1/c2st, sensor_2/c2st, sensor_3/c2st)
wrote results/joint_template/ablation/gate_3h_per_hour_empirical.json
