=== 1. flag OFF vs deck files ===
  flag-off sensor_1: differs in ['temperature'] -> OK (known pre-existing)
  flag-off sensor_2: byte-identical to deck file
  flag-off sensor_3: byte-identical to deck file

=== 2. joint template: physics gate per seed ===

--- seed 42 ---
[PASS] sensor_1  validity   value=     0.000  required = 0 % of s > 1+0.001   (max s 1.00013)
[PASS] sensor_1  gravity    value=     1.262  required < 2.0°
[PASS] sensor_1  omega_p99  value=    46.281  required in [41.78, 48.08] °/s (real 44.93 ±7.0%, data-derived)
[PASS] sensor_1  jumps      value=     0.000  required = 0 non-flip quaternion jumps (one-sample steps)   (0 transition(s) across timestamp gaps checked by angular speed)
[PASS] sensor_1  gap_jumps  value=     0.000  required = 0 gap transitions faster than real p99 +25% (56.2°/s)
[PASS] sensor_1  copy       value=     0.000  required <= 5.0 % windows corr>0.99
[INFO-FAIL] sensor_1  c2st       value=     0.681  required <= 0.583 (permutation null p95 0.541 + 2 sd seeds 0.042)   (real span 0-60 min; reported, does not block)
[PASS] sensor_2  validity   value=     0.000  required = 0 % of s > 1+0.001   (max s 0.48265)
[PASS] sensor_2  gravity    value=     0.331  required < 2.0°
[PASS] sensor_2  omega_p99  value=    16.458  required in [16.05, 16.75] °/s (real 16.40 ±2.1%, data-derived)
[PASS] sensor_2  jumps      value=     0.000  required = 0 non-flip quaternion jumps (one-sample steps)   (0 transition(s) across timestamp gaps checked by angular speed)
[PASS] sensor_2  gap_jumps  value=     0.000  required = 0 gap transitions faster than real p99 +25% (20.5°/s)
[PASS] sensor_2  copy       value=     0.000  required <= 5.0 % windows corr>0.99
[INFO-FAIL] sensor_2  c2st       value=     0.674  required <= 0.606 (permutation null p95 0.549 + 2 sd seeds 0.057)   (real span 0-60 min; reported, does not block)
[PASS] sensor_3  validity   value=     0.000  required = 0 % of s > 1+0.001   (max s 0.60131)
[PASS] sensor_3  gravity    value=     0.342  required < 2.0°
[PASS] sensor_3  omega_p99  value=    43.004  required in [42.55, 43.57] °/s (real 43.06 ±1.2%, data-derived)
[PASS] sensor_3  jumps      value=     0.000  required = 0 non-flip quaternion jumps (one-sample steps)   (0 transition(s) across timestamp gaps checked by angular speed)
[PASS] sensor_3  gap_jumps  value=     0.000  required = 0 gap transitions faster than real p99 +25% (53.8°/s)
[PASS] sensor_3  copy       value=       n/a  required excluded   (real sensor_3 cycles are near-identical to each other (held-out real vs training real max-corr 0.997), so similarity to the recording cannot separate replay from genuine data; the check is uninformative there.)
[INFO-FAIL] sensor_3  c2st       value=     0.705  required <= 0.566 (permutation null p95 0.540 + 2 sd seeds 0.026)   (real span 0-60 min; reported, does not block)
[PASS] all       check7b    value=    92.242  required >= 85.0 %
[PASS] all       check7c    value=     0.000  required lag = 0 ms for every pair   (s1-s2 +0ms, s1-s3 +0ms, s2-s3 +0ms)
PHYSICS GATE: PASSED

--- seed 43 ---
[PASS] sensor_1  validity   value=     0.000  required = 0 % of s > 1+0.001   (max s 1.00013)
[PASS] sensor_1  gravity    value=     1.284  required < 2.0°
[PASS] sensor_1  omega_p99  value=    46.673  required in [41.78, 48.08] °/s (real 44.93 ±7.0%, data-derived)
[PASS] sensor_1  jumps      value=     0.000  required = 0 non-flip quaternion jumps (one-sample steps)   (0 transition(s) across timestamp gaps checked by angular speed)
[PASS] sensor_1  gap_jumps  value=     0.000  required = 0 gap transitions faster than real p99 +25% (56.2°/s)
[PASS] sensor_1  copy       value=     0.000  required <= 5.0 % windows corr>0.99
[INFO-FAIL] sensor_1  c2st       value=     0.713  required <= 0.583 (permutation null p95 0.541 + 2 sd seeds 0.042)   (real span 0-60 min; reported, does not block)
[PASS] sensor_2  validity   value=     0.000  required = 0 % of s > 1+0.001   (max s 0.48265)
[PASS] sensor_2  gravity    value=     0.329  required < 2.0°
[PASS] sensor_2  omega_p99  value=    16.659  required in [16.05, 16.75] °/s (real 16.40 ±2.1%, data-derived)
[PASS] sensor_2  jumps      value=     0.000  required = 0 non-flip quaternion jumps (one-sample steps)   (0 transition(s) across timestamp gaps checked by angular speed)
[PASS] sensor_2  gap_jumps  value=     0.000  required = 0 gap transitions faster than real p99 +25% (20.5°/s)
[PASS] sensor_2  copy       value=     0.000  required <= 5.0 % windows corr>0.99
[INFO-FAIL] sensor_2  c2st       value=     0.694  required <= 0.606 (permutation null p95 0.549 + 2 sd seeds 0.057)   (real span 0-60 min; reported, does not block)
[PASS] sensor_3  validity   value=     0.000  required = 0 % of s > 1+0.001   (max s 0.60131)
[PASS] sensor_3  gravity    value=     0.340  required < 2.0°
[PASS] sensor_3  omega_p99  value=    43.310  required in [42.55, 43.57] °/s (real 43.06 ±1.2%, data-derived)
[PASS] sensor_3  jumps      value=     0.000  required = 0 non-flip quaternion jumps (one-sample steps)   (0 transition(s) across timestamp gaps checked by angular speed)
[PASS] sensor_3  gap_jumps  value=     0.000  required = 0 gap transitions faster than real p99 +25% (53.8°/s)
[PASS] sensor_3  copy       value=       n/a  required excluded   (real sensor_3 cycles are near-identical to each other (held-out real vs training real max-corr 0.997), so similarity to the recording cannot separate replay from genuine data; the check is uninformative there.)
[INFO-FAIL] sensor_3  c2st       value=     0.685  required <= 0.566 (permutation null p95 0.540 + 2 sd seeds 0.026)   (real span 0-60 min; reported, does not block)
[PASS] all       check7b    value=    92.240  required >= 85.0 %
[PASS] all       check7c    value=     0.000  required lag = 0 ms for every pair   (s1-s2 +0ms, s1-s3 +0ms, s2-s3 +0ms)
PHYSICS GATE: PASSED

--- seed 44 ---
[PASS] sensor_1  validity   value=     0.000  required = 0 % of s > 1+0.001   (max s 1.00011)
[PASS] sensor_1  gravity    value=     1.333  required < 2.0°
[PASS] sensor_1  omega_p99  value=    45.342  required in [41.78, 48.08] °/s (real 44.93 ±7.0%, data-derived)
[PASS] sensor_1  jumps      value=     0.000  required = 0 non-flip quaternion jumps (one-sample steps)   (0 transition(s) across timestamp gaps checked by angular speed)
[PASS] sensor_1  gap_jumps  value=     0.000  required = 0 gap transitions faster than real p99 +25% (56.2°/s)
[PASS] sensor_1  copy       value=     0.000  required <= 5.0 % windows corr>0.99
[INFO-FAIL] sensor_1  c2st       value=     0.711  required <= 0.583 (permutation null p95 0.541 + 2 sd seeds 0.042)   (real span 0-60 min; reported, does not block)
[PASS] sensor_2  validity   value=     0.000  required = 0 % of s > 1+0.001   (max s 0.48265)
[PASS] sensor_2  gravity    value=     0.333  required < 2.0°
[PASS] sensor_2  omega_p99  value=    16.485  required in [16.05, 16.75] °/s (real 16.40 ±2.1%, data-derived)
[PASS] sensor_2  jumps      value=     0.000  required = 0 non-flip quaternion jumps (one-sample steps)   (0 transition(s) across timestamp gaps checked by angular speed)
[PASS] sensor_2  gap_jumps  value=     0.000  required = 0 gap transitions faster than real p99 +25% (20.5°/s)
[PASS] sensor_2  copy       value=     0.000  required <= 5.0 % windows corr>0.99
[INFO-FAIL] sensor_2  c2st       value=     0.714  required <= 0.606 (permutation null p95 0.549 + 2 sd seeds 0.057)   (real span 0-60 min; reported, does not block)
[PASS] sensor_3  validity   value=     0.000  required = 0 % of s > 1+0.001   (max s 0.60131)
[PASS] sensor_3  gravity    value=     0.345  required < 2.0°
[PASS] sensor_3  omega_p99  value=    43.150  required in [42.55, 43.57] °/s (real 43.06 ±1.2%, data-derived)
[PASS] sensor_3  jumps      value=     0.000  required = 0 non-flip quaternion jumps (one-sample steps)   (0 transition(s) across timestamp gaps checked by angular speed)
[PASS] sensor_3  gap_jumps  value=     0.000  required = 0 gap transitions faster than real p99 +25% (53.8°/s)
[PASS] sensor_3  copy       value=       n/a  required excluded   (real sensor_3 cycles are near-identical to each other (held-out real vs training real max-corr 0.997), so similarity to the recording cannot separate replay from genuine data; the check is uninformative there.)
[INFO-FAIL] sensor_3  c2st       value=     0.697  required <= 0.566 (permutation null p95 0.540 + 2 sd seeds 0.026)   (real span 0-60 min; reported, does not block)
[PASS] all       check7b    value=    92.148  required >= 85.0 %
[PASS] all       check7c    value=     0.000  required lag = 0 ms for every pair   (s1-s2 +0ms, s1-s3 +0ms, s2-s3 +0ms)
PHYSICS GATE: PASSED

--- seed 45 ---
[PASS] sensor_1  validity   value=     0.000  required = 0 % of s > 1+0.001   (max s 1.00011)
[PASS] sensor_1  gravity    value=     1.315  required < 2.0°
[PASS] sensor_1  omega_p99  value=    44.771  required in [41.78, 48.08] °/s (real 44.93 ±7.0%, data-derived)
[PASS] sensor_1  jumps      value=     0.000  required = 0 non-flip quaternion jumps (one-sample steps)   (0 transition(s) across timestamp gaps checked by angular speed)
[PASS] sensor_1  gap_jumps  value=     0.000  required = 0 gap transitions faster than real p99 +25% (56.2°/s)
[PASS] sensor_1  copy       value=     0.000  required <= 5.0 % windows corr>0.99
[INFO-FAIL] sensor_1  c2st       value=     0.663  required <= 0.583 (permutation null p95 0.541 + 2 sd seeds 0.042)   (real span 0-60 min; reported, does not block)
[PASS] sensor_2  validity   value=     0.000  required = 0 % of s > 1+0.001   (max s 0.48265)
[PASS] sensor_2  gravity    value=     0.330  required < 2.0°
[PASS] sensor_2  omega_p99  value=    16.433  required in [16.05, 16.75] °/s (real 16.40 ±2.1%, data-derived)
[PASS] sensor_2  jumps      value=     0.000  required = 0 non-flip quaternion jumps (one-sample steps)   (0 transition(s) across timestamp gaps checked by angular speed)
[PASS] sensor_2  gap_jumps  value=     0.000  required = 0 gap transitions faster than real p99 +25% (20.5°/s)
[PASS] sensor_2  copy       value=     0.000  required <= 5.0 % windows corr>0.99
[INFO-FAIL] sensor_2  c2st       value=     0.683  required <= 0.606 (permutation null p95 0.549 + 2 sd seeds 0.057)   (real span 0-60 min; reported, does not block)
[PASS] sensor_3  validity   value=     0.000  required = 0 % of s > 1+0.001   (max s 0.59980)
[PASS] sensor_3  gravity    value=     0.341  required < 2.0°
[PASS] sensor_3  omega_p99  value=    42.980  required in [42.55, 43.57] °/s (real 43.06 ±1.2%, data-derived)
[PASS] sensor_3  jumps      value=     0.000  required = 0 non-flip quaternion jumps (one-sample steps)   (0 transition(s) across timestamp gaps checked by angular speed)
[PASS] sensor_3  gap_jumps  value=     0.000  required = 0 gap transitions faster than real p99 +25% (53.8°/s)
[PASS] sensor_3  copy       value=       n/a  required excluded   (real sensor_3 cycles are near-identical to each other (held-out real vs training real max-corr 0.997), so similarity to the recording cannot separate replay from genuine data; the check is uninformative there.)
[INFO-FAIL] sensor_3  c2st       value=     0.675  required <= 0.566 (permutation null p95 0.540 + 2 sd seeds 0.026)   (real span 0-60 min; reported, does not block)
[PASS] all       check7b    value=    92.482  required >= 85.0 %
[PASS] all       check7c    value=     0.000  required lag = 0 ms for every pair   (s1-s2 +0ms, s1-s3 +0ms, s2-s3 +0ms)
PHYSICS GATE: PASSED

--- seed 46 ---
[PASS] sensor_1  validity   value=     0.000  required = 0 % of s > 1+0.001   (max s 1.00013)
[PASS] sensor_1  gravity    value=     1.204  required < 2.0°
[PASS] sensor_1  omega_p99  value=    46.607  required in [41.78, 48.08] °/s (real 44.93 ±7.0%, data-derived)
[PASS] sensor_1  jumps      value=     0.000  required = 0 non-flip quaternion jumps (one-sample steps)   (0 transition(s) across timestamp gaps checked by angular speed)
[PASS] sensor_1  gap_jumps  value=     0.000  required = 0 gap transitions faster than real p99 +25% (56.2°/s)
[PASS] sensor_1  copy       value=     0.000  required <= 5.0 % windows corr>0.99
[INFO-FAIL] sensor_1  c2st       value=     0.693  required <= 0.583 (permutation null p95 0.541 + 2 sd seeds 0.042)   (real span 0-60 min; reported, does not block)
[PASS] sensor_2  validity   value=     0.000  required = 0 % of s > 1+0.001   (max s 0.48263)
[PASS] sensor_2  gravity    value=     0.329  required < 2.0°
[PASS] sensor_2  omega_p99  value=    16.709  required in [16.05, 16.75] °/s (real 16.40 ±2.1%, data-derived)
[PASS] sensor_2  jumps      value=     0.000  required = 0 non-flip quaternion jumps (one-sample steps)   (0 transition(s) across timestamp gaps checked by angular speed)
[PASS] sensor_2  gap_jumps  value=     0.000  required = 0 gap transitions faster than real p99 +25% (20.5°/s)
[PASS] sensor_2  copy       value=     0.000  required <= 5.0 % windows corr>0.99
[INFO-FAIL] sensor_2  c2st       value=     0.637  required <= 0.606 (permutation null p95 0.549 + 2 sd seeds 0.057)   (real span 0-60 min; reported, does not block)
[PASS] sensor_3  validity   value=     0.000  required = 0 % of s > 1+0.001   (max s 0.60131)
[PASS] sensor_3  gravity    value=     0.340  required < 2.0°
[PASS] sensor_3  omega_p99  value=    43.284  required in [42.55, 43.57] °/s (real 43.06 ±1.2%, data-derived)
[PASS] sensor_3  jumps      value=     0.000  required = 0 non-flip quaternion jumps (one-sample steps)   (0 transition(s) across timestamp gaps checked by angular speed)
[PASS] sensor_3  gap_jumps  value=     0.000  required = 0 gap transitions faster than real p99 +25% (53.8°/s)
[PASS] sensor_3  copy       value=       n/a  required excluded   (real sensor_3 cycles are near-identical to each other (held-out real vs training real max-corr 0.997), so similarity to the recording cannot separate replay from genuine data; the check is uninformative there.)
[INFO-FAIL] sensor_3  c2st       value=     0.678  required <= 0.566 (permutation null p95 0.540 + 2 sd seeds 0.026)   (real span 0-60 min; reported, does not block)
[PASS] all       check7b    value=    92.803  required >= 85.0 %
[PASS] all       check7c    value=     0.000  required lag = 0 ms for every pair   (s1-s2 +0ms, s1-s3 +0ms, s2-s3 +0ms)
PHYSICS GATE: PASSED

=== summary ===
  seed 42: PASS  (reported, not blocking, above threshold: sensor_1/c2st, sensor_2/c2st, sensor_3/c2st)
  seed 43: PASS  (reported, not blocking, above threshold: sensor_1/c2st, sensor_2/c2st, sensor_3/c2st)
  seed 44: PASS  (reported, not blocking, above threshold: sensor_1/c2st, sensor_2/c2st, sensor_3/c2st)
  seed 45: PASS  (reported, not blocking, above threshold: sensor_1/c2st, sensor_2/c2st, sensor_3/c2st)
  seed 46: PASS  (reported, not blocking, above threshold: sensor_1/c2st, sensor_2/c2st, sensor_3/c2st)

wrote results/joint_template/gate/gate_5seeds.json

=== 3. vs baseline_before.json ===

pair    metric                       baseline (deck)     joint seed 42
arm_j1  gravity syn median (quiet)            36.173             1.262
arm_j1  validity syn % s>1                     4.858             0.129
arm_j1  omega syn p99                        721.801            46.281
arm_j1  omega syn max                       1538.181          3920.434
arm_j2  gravity syn median (quiet)             4.105             0.331
arm_j2  validity syn % s>1                     0.000             0.000
arm_j2  omega syn p99                         12.897            16.458
arm_j2  omega syn max                         21.501          1231.535
arm_j3  gravity syn median (quiet)            27.870             0.342
arm_j3  validity syn % s>1                     0.000             0.000
arm_j3  omega syn p99                         39.407            43.004
arm_j3  omega syn max                        101.506          3843.964
